[Licensing::Module] Trying to connect to existing licensing client channel...
[Licensing::IpcConnector] Connection attempt to the License Client on channel: "LicenseClient-Logan" failed because channel doesn't exist; code: "0x80000002"
[Licensing::Module] Successfully launched the LicensingClient (PId: 5416)
[Licensing::IpcConnector] Successfully connected to the License Client on channel: "LicenseClient-Logan"
[Licensing::Client] Error: Code 10 while verifying Licensing Client signature (process Id: 5416, path: "D:/Unity/HubEditor/2022.3.4f1/Editor/Data/Resources/Licensing/Client/Unity.Licensing.Client.exe")
[Licensing::Module] Error: LicensingClient has failed validation; ignoring
[Licensing::Client] Handshaking with LicensingClient:
  Version:                 1.12.1+9338cad
  Session Id:              9dc478e96b3c4982aae2482b3253e37f
  Correlation Id:          75ab9c5997350cf8267963dee05c542e
  External correlation Id: 6418372215242988952
  Machine Id:              YnCgJ/3eXfqj/pKKnk6cl38u0EY=
[Licensing::Module] Successfully connected to LicensingClient on channel: "LicenseClient-Logan" (connect: 0.52s, validation: 0.03s, handshake: 0.06s)
[Licensing::IpcConnector] Successfully connected to the License Notification on channel: "LicenseClient-Logan-notifications"
[Licensing::Module] Connected to LicensingClient (PId: 5416, launch time: 0.00, total connection time: 0.62s)
[Licensing::Module] Error: Access token is unavailable; failed to update
[Licensing::Client] Error: Code 500 while processing request (status: Unable to update licenses. Errors: No ULF license found.,Token not found in cache)
[Licensing::Client] Error: Code 500 while updating license in client (status: Unable to update licenses. Errors: No ULF license found.,Token not found in cache)
Built from '2022.3/china_unity/release' branch; Version is '2022.3.4f1c1 (dae07de86df3) revision 14344317'; Using compiler version '192829333'; Build Type 'Release'
OS: 'Windows 10  (10.0.19045) 64bit Professional' Language: 'zh' Physical Memory: 65349 MB
[Licensing::Client] Successfully resolved entitlements
[Licensing::Module] Serial number assigned to: "ewogICJzdWJzR3JvdXAiIDogInVuaXR5IGVkaXRvciIsCiAgIm5hbWVzcGFjZSIgOiAidW5pdHlfZWRpdG9yIiwKICAidHlwZSIgOiAiRURJVE9SIiwKICAidGFnIiA6ICJVbml0eVBlcnNvbmFsXXXX"
BatchMode: 1, IsHumanControllingUs: 0, StartBugReporterOnCrash: 0, Is64bit: 1, IsPro: 0

COMMAND LINE ARGUMENTS:
D:\Unity\HubEditor\2022.3.4f1\Editor\Unity.exe
-batchmode
-nographics
-quit
-projectPath
I:\GitHub\Unity_GAS\gameplay-ability-system-for-unity
-logFile
I:\GitHub\Unity_GAS\gameplay-ability-system-for-unity\UnityCompile.log
Successfully changed project path to: I:\GitHub\Unity_GAS\gameplay-ability-system-for-unity
I:/GitHub/Unity_GAS/gameplay-ability-system-for-unity
[UnityMemory] Configuration Parameters - Can be set up in boot.config
    "memorysetup-bucket-allocator-granularity=16"
    "memorysetup-bucket-allocator-bucket-count=8"
    "memorysetup-bucket-allocator-block-size=33554432"
    "memorysetup-bucket-allocator-block-count=8"
    "memorysetup-main-allocator-block-size=16777216"
    "memorysetup-thread-allocator-block-size=16777216"
    "memorysetup-gfx-main-allocator-block-size=16777216"
    "memorysetup-gfx-thread-allocator-block-size=16777216"
    "memorysetup-cache-allocator-block-size=4194304"
    "memorysetup-typetree-allocator-block-size=2097152"
    "memorysetup-profiler-bucket-allocator-granularity=16"
    "memorysetup-profiler-bucket-allocator-bucket-count=8"
    "memorysetup-profiler-bucket-allocator-block-size=33554432"
    "memorysetup-profiler-bucket-allocator-block-count=8"
    "memorysetup-profiler-allocator-block-size=16777216"
    "memorysetup-profiler-editor-allocator-block-size=1048576"
    "memorysetup-temp-allocator-size-main=16777216"
    "memorysetup-job-temp-allocator-block-size=2097152"
    "memorysetup-job-temp-allocator-block-size-background=1048576"
    "memorysetup-job-temp-allocator-reduction-small-platforms=262144"
    "memorysetup-allocator-temp-initial-block-size-main=262144"
    "memorysetup-allocator-temp-initial-block-size-worker=262144"
    "memorysetup-temp-allocator-size-background-worker=32768"
    "memorysetup-temp-allocator-size-job-worker=262144"
    "memorysetup-temp-allocator-size-preload-manager=33554432"
    "memorysetup-temp-allocator-size-nav-mesh-worker=65536"
    "memorysetup-temp-allocator-size-audio-worker=65536"
    "memorysetup-temp-allocator-size-cloud-worker=32768"
    "memorysetup-temp-allocator-size-gi-baking-worker=262144"
    "memorysetup-temp-allocator-size-gfx=262144"
Player connection [26196] Host "[IP] 192.168.31.76 [Port] 55496 [Flags] 2 [Guid] 3534989433 [EditorId] 3534989433 [Version] 1048832 [Id] WindowsEditor(7,DESKTOP-MKTDPPS) [Debug] 1 [PackageName] WindowsEditor [ProjectName] Editor" joined multi-casting on [225.0.0.222:54997]...

Player connection [26196] Host "[IP] 192.168.31.76 [Port] 55496 [Flags] 2 [Guid] 3534989433 [EditorId] 3534989433 [Version] 1048832 [Id] WindowsEditor(7,DESKTOP-MKTDPPS) [Debug] 1 [PackageName] WindowsEditor [ProjectName] Editor" joined alternative multi-casting on [225.0.0.222:34997]...

[Package Manager] UpmClient::Connect -- Connected to IPC stream "Upm-27872" after 0.3 seconds.
[Licensing::Client] Successfully resolved entitlements
[Package Manager] Restoring resolved packages state from cache
[Licensing::Client] Successfully resolved entitlement details
[Package Manager] Registered 68 packages:
  Packages from [https://packages.unity.cn]:
    com.unity.collab-proxy@2.2.0 (location: I:\GitHub\Unity_GAS\gameplay-ability-system-for-unity\Library\PackageCache\com.unity.collab-proxy@2.2.0)
    com.unity.ide.rider@3.0.27 (location: I:\GitHub\Unity_GAS\gameplay-ability-system-for-unity\Library\PackageCache\com.unity.ide.rider@3.0.27)
    com.unity.inputsystem@1.7.0 (location: I:\GitHub\Unity_GAS\gameplay-ability-system-for-unity\Library\PackageCache\com.unity.inputsystem@1.7.0)
    com.unity.mathematics@1.2.6 (location: I:\GitHub\Unity_GAS\gameplay-ability-system-for-unity\Library\PackageCache\com.unity.mathematics@1.2.6)
    com.unity.textmeshpro@3.0.6 (location: I:\GitHub\Unity_GAS\gameplay-ability-system-for-unity\Library\PackageCache\com.unity.textmeshpro@3.0.6)
    com.unity.timeline@1.7.6 (location: I:\GitHub\Unity_GAS\gameplay-ability-system-for-unity\Library\PackageCache\com.unity.timeline@1.7.6)
    com.unity.visualscripting@1.9.1 (location: I:\GitHub\Unity_GAS\gameplay-ability-system-for-unity\Library\PackageCache\com.unity.visualscripting@1.9.1)
    com.unity.burst@1.8.7 (location: I:\GitHub\Unity_GAS\gameplay-ability-system-for-unity\Library\PackageCache\com.unity.burst@1.8.7)
    com.unity.ext.nunit@1.0.6 (location: I:\GitHub\Unity_GAS\gameplay-ability-system-for-unity\Library\PackageCache\com.unity.ext.nunit@1.0.6)
    com.unity.ide.visualstudio@2.0.18 (location: I:\GitHub\Unity_GAS\gameplay-ability-system-for-unity\Library\PackageCache\com.unity.ide.visualstudio@2.0.18)
    com.unity.ide.vscode@1.2.5 (location: I:\GitHub\Unity_GAS\gameplay-ability-system-for-unity\Library\PackageCache\com.unity.ide.vscode@1.2.5)
    com.unity.editorcoroutines@1.0.0 (location: I:\GitHub\Unity_GAS\gameplay-ability-system-for-unity\Library\PackageCache\com.unity.editorcoroutines@1.0.0)
    com.unity.performance.profile-analyzer@1.2.2 (location: I:\GitHub\Unity_GAS\gameplay-ability-system-for-unity\Library\PackageCache\com.unity.performance.profile-analyzer@1.2.2)
    com.unity.test-framework@1.1.33 (location: I:\GitHub\Unity_GAS\gameplay-ability-system-for-unity\Library\PackageCache\com.unity.test-framework@1.1.33)
    com.unity.testtools.codecoverage@1.2.4 (location: I:\GitHub\Unity_GAS\gameplay-ability-system-for-unity\Library\PackageCache\com.unity.testtools.codecoverage@1.2.4)
    com.unity.2d.animation@9.0.3 (location: I:\GitHub\Unity_GAS\gameplay-ability-system-for-unity\Library\PackageCache\com.unity.2d.animation@9.0.3)
    com.unity.2d.pixel-perfect@5.0.3 (location: I:\GitHub\Unity_GAS\gameplay-ability-system-for-unity\Library\PackageCache\com.unity.2d.pixel-perfect@5.0.3)
    com.unity.2d.psdimporter@8.0.2 (location: I:\GitHub\Unity_GAS\gameplay-ability-system-for-unity\Library\PackageCache\com.unity.2d.psdimporter@8.0.2)
    com.unity.2d.spriteshape@9.0.2 (location: I:\GitHub\Unity_GAS\gameplay-ability-system-for-unity\Library\PackageCache\com.unity.2d.spriteshape@9.0.2)
    com.unity.2d.tilemap.extras@3.1.0 (location: I:\GitHub\Unity_GAS\gameplay-ability-system-for-unity\Library\PackageCache\com.unity.2d.tilemap.extras@3.1.0)
    com.unity.2d.aseprite@1.0.0 (location: I:\GitHub\Unity_GAS\gameplay-ability-system-for-unity\Library\PackageCache\com.unity.2d.aseprite@1.0.0)
    com.unity.searcher@4.9.2 (location: I:\GitHub\Unity_GAS\gameplay-ability-system-for-unity\Library\PackageCache\com.unity.searcher@4.9.2)
    com.unity.settings-manager@2.0.1 (location: I:\GitHub\Unity_GAS\gameplay-ability-system-for-unity\Library\PackageCache\com.unity.settings-manager@2.0.1)
    com.unity.2d.common@8.0.1 (location: I:\GitHub\Unity_GAS\gameplay-ability-system-for-unity\Library\PackageCache\com.unity.2d.common@8.0.1)
    com.unity.collections@1.2.4 (location: I:\GitHub\Unity_GAS\gameplay-ability-system-for-unity\Library\PackageCache\com.unity.collections@1.2.4)
  Built-in packages:
    com.unity.feature.2d@2.0.0 (location: I:\GitHub\Unity_GAS\gameplay-ability-system-for-unity\Library\PackageCache\com.unity.feature.2d@2.0.0)
    com.unity.feature.development@1.0.1 (location: I:\GitHub\Unity_GAS\gameplay-ability-system-for-unity\Library\PackageCache\com.unity.feature.development@1.0.1)
    com.unity.render-pipelines.universal@14.0.8 (location: I:\GitHub\Unity_GAS\gameplay-ability-system-for-unity\Library\PackageCache\com.unity.render-pipelines.universal@14.0.8)
    com.unity.ugui@1.0.0 (location: I:\GitHub\Unity_GAS\gameplay-ability-system-for-unity\Library\PackageCache\com.unity.ugui@1.0.0)
    com.unity.modules.ai@1.0.0 (location: I:\GitHub\Unity_GAS\gameplay-ability-system-for-unity\Library\PackageCache\com.unity.modules.ai@1.0.0)
    com.unity.modules.androidjni@1.0.0 (location: I:\GitHub\Unity_GAS\gameplay-ability-system-for-unity\Library\PackageCache\com.unity.modules.androidjni@1.0.0)
    com.unity.modules.animation@1.0.0 (location: I:\GitHub\Unity_GAS\gameplay-ability-system-for-unity\Library\PackageCache\com.unity.modules.animation@1.0.0)
    com.unity.modules.assetbundle@1.0.0 (location: I:\GitHub\Unity_GAS\gameplay-ability-system-for-unity\Library\PackageCache\com.unity.modules.assetbundle@1.0.0)
    com.unity.modules.audio@1.0.0 (location: I:\GitHub\Unity_GAS\gameplay-ability-system-for-unity\Library\PackageCache\com.unity.modules.audio@1.0.0)
    com.unity.modules.cloth@1.0.0 (location: I:\GitHub\Unity_GAS\gameplay-ability-system-for-unity\Library\PackageCache\com.unity.modules.cloth@1.0.0)
    com.unity.modules.director@1.0.0 (location: I:\GitHub\Unity_GAS\gameplay-ability-system-for-unity\Library\PackageCache\com.unity.modules.director@1.0.0)
    com.unity.modules.imageconversion@1.0.0 (location: I:\GitHub\Unity_GAS\gameplay-ability-system-for-unity\Library\PackageCache\com.unity.modules.imageconversion@1.0.0)
    com.unity.modules.imgui@1.0.0 (location: I:\GitHub\Unity_GAS\gameplay-ability-system-for-unity\Library\PackageCache\com.unity.modules.imgui@1.0.0)
    com.unity.modules.jsonserialize@1.0.0 (location: I:\GitHub\Unity_GAS\gameplay-ability-system-for-unity\Library\PackageCache\com.unity.modules.jsonserialize@1.0.0)
    com.unity.modules.particlesystem@1.0.0 (location: I:\GitHub\Unity_GAS\gameplay-ability-system-for-unity\Library\PackageCache\com.unity.modules.particlesystem@1.0.0)
    com.unity.modules.physics@1.0.0 (location: I:\GitHub\Unity_GAS\gameplay-ability-system-for-unity\Library\PackageCache\com.unity.modules.physics@1.0.0)
    com.unity.modules.physics2d@1.0.0 (location: I:\GitHub\Unity_GAS\gameplay-ability-system-for-unity\Library\PackageCache\com.unity.modules.physics2d@1.0.0)
    com.unity.modules.screencapture@1.0.0 (location: I:\GitHub\Unity_GAS\gameplay-ability-system-for-unity\Library\PackageCache\com.unity.modules.screencapture@1.0.0)
    com.unity.modules.terrain@1.0.0 (location: I:\GitHub\Unity_GAS\gameplay-ability-system-for-unity\Library\PackageCache\com.unity.modules.terrain@1.0.0)
    com.unity.modules.terrainphysics@1.0.0 (location: I:\GitHub\Unity_GAS\gameplay-ability-system-for-unity\Library\PackageCache\com.unity.modules.terrainphysics@1.0.0)
    com.unity.modules.tilemap@1.0.0 (location: I:\GitHub\Unity_GAS\gameplay-ability-system-for-unity\Library\PackageCache\com.unity.modules.tilemap@1.0.0)
    com.unity.modules.ui@1.0.0 (location: I:\GitHub\Unity_GAS\gameplay-ability-system-for-unity\Library\PackageCache\com.unity.modules.ui@1.0.0)
    com.unity.modules.uielements@1.0.0 (location: I:\GitHub\Unity_GAS\gameplay-ability-system-for-unity\Library\PackageCache\com.unity.modules.uielements@1.0.0)
    com.unity.modules.umbra@1.0.0 (location: I:\GitHub\Unity_GAS\gameplay-ability-system-for-unity\Library\PackageCache\com.unity.modules.umbra@1.0.0)
    com.unity.modules.unityanalytics@1.0.0 (location: I:\GitHub\Unity_GAS\gameplay-ability-system-for-unity\Library\PackageCache\com.unity.modules.unityanalytics@1.0.0)
    com.unity.modules.unitywebrequest@1.0.0 (location: I:\GitHub\Unity_GAS\gameplay-ability-system-for-unity\Library\PackageCache\com.unity.modules.unitywebrequest@1.0.0)
    com.unity.modules.unitywebrequestassetbundle@1.0.0 (location: I:\GitHub\Unity_GAS\gameplay-ability-system-for-unity\Library\PackageCache\com.unity.modules.unitywebrequestassetbundle@1.0.0)
    com.unity.modules.unitywebrequestaudio@1.0.0 (location: I:\GitHub\Unity_GAS\gameplay-ability-system-for-unity\Library\PackageCache\com.unity.modules.unitywebrequestaudio@1.0.0)
    com.unity.modules.unitywebrequesttexture@1.0.0 (location: I:\GitHub\Unity_GAS\gameplay-ability-system-for-unity\Library\PackageCache\com.unity.modules.unitywebrequesttexture@1.0.0)
    com.unity.modules.unitywebrequestwww@1.0.0 (location: I:\GitHub\Unity_GAS\gameplay-ability-system-for-unity\Library\PackageCache\com.unity.modules.unitywebrequestwww@1.0.0)
    com.unity.modules.vehicles@1.0.0 (location: I:\GitHub\Unity_GAS\gameplay-ability-system-for-unity\Library\PackageCache\com.unity.modules.vehicles@1.0.0)
    com.unity.modules.video@1.0.0 (location: I:\GitHub\Unity_GAS\gameplay-ability-system-for-unity\Library\PackageCache\com.unity.modules.video@1.0.0)
    com.unity.modules.vr@1.0.0 (location: I:\GitHub\Unity_GAS\gameplay-ability-system-for-unity\Library\PackageCache\com.unity.modules.vr@1.0.0)
    com.unity.modules.wind@1.0.0 (location: I:\GitHub\Unity_GAS\gameplay-ability-system-for-unity\Library\PackageCache\com.unity.modules.wind@1.0.0)
    com.unity.modules.xr@1.0.0 (location: I:\GitHub\Unity_GAS\gameplay-ability-system-for-unity\Library\PackageCache\com.unity.modules.xr@1.0.0)
    com.unity.modules.subsystems@1.0.0 (location: I:\GitHub\Unity_GAS\gameplay-ability-system-for-unity\Library\PackageCache\com.unity.modules.subsystems@1.0.0)
    com.unity.render-pipelines.core@14.0.8 (location: I:\GitHub\Unity_GAS\gameplay-ability-system-for-unity\Library\PackageCache\com.unity.render-pipelines.core@14.0.8)
    com.unity.shadergraph@14.0.8 (location: I:\GitHub\Unity_GAS\gameplay-ability-system-for-unity\Library\PackageCache\com.unity.shadergraph@14.0.8)
    com.unity.2d.sprite@1.0.0 (location: I:\GitHub\Unity_GAS\gameplay-ability-system-for-unity\Library\PackageCache\com.unity.2d.sprite@1.0.0)
    com.unity.2d.tilemap@1.0.0 (location: I:\GitHub\Unity_GAS\gameplay-ability-system-for-unity\Library\PackageCache\com.unity.2d.tilemap@1.0.0)
  Git packages:
    com.cysharp.unitask@https://github.com/Cysharp/UniTask.git?path=src/UniTask/Assets/Plugins/UniTask (location: I:\GitHub\Unity_GAS\gameplay-ability-system-for-unity\Library\PackageCache\com.cysharp.unitask@5cc97c7f00)
    com.exhard.exmaidforui@https://github.com/No78Vino/EXMaidForFGUIandLoxondon.git (location: I:\GitHub\Unity_GAS\gameplay-ability-system-for-unity\Library\PackageCache\com.exhard.exmaidforui@b469ae66a3)
    com.vovgou.loxodon-framework@https://github.com/vovgou/loxodon-framework.git?path=Loxodon.Framework/Assets/LoxodonFramework (location: I:\GitHub\Unity_GAS\gameplay-ability-system-for-unity\Library\PackageCache\com.vovgou.loxodon-framework@2fab55f00c)
[Subsystems] No new subsystems found in resolved package list.
Package Manager log level set to [2]
[Package Manager] Done registering packages in 0.14 seconds
Refreshing native plugins compatible for Editor in 32.29 ms, found 4 plugins.
Preloading 0 native plugins for Editor in 0.00 ms.
Initialize engine version: 2022.3.4f1c1 (dae07de86df3)
[Subsystems] Discovering subsystems at path D:/Unity/HubEditor/2022.3.4f1/Editor/Data/Resources/UnitySubsystems
[Subsystems] Discovering subsystems at path I:/GitHub/Unity_GAS/gameplay-ability-system-for-unity/Assets
Forcing GfxDevice: Null
GfxDevice: creating device client; threaded=0; jobified=0
NullGfxDevice:
    Version:  NULL 1.0 [1.0]
    Renderer: Null Device
    Vendor:   Unity Technologies
Shader 'MoreMountains/MMRipple': fallback shader 'Particle/AlphaBlended' not found
Shader Hidden/ProbeVolume/VoxelizeScene is not supported: GPU does not support conservative rasterization
[Licensing::Client] Successfully resolved entitlements
Initialize mono
Mono path[0] = 'D:/Unity/HubEditor/2022.3.4f1/Editor/Data/Managed'
Mono path[1] = 'D:/Unity/HubEditor/2022.3.4f1/Editor/Data/MonoBleedingEdge/lib/mono/unityjit-win32'
Mono config path = 'D:/Unity/HubEditor/2022.3.4f1/Editor/Data/MonoBleedingEdge/etc'
Using monoOptions --debugger-agent=transport=dt_socket,embedding=1,server=y,suspend=n,address=127.0.0.1:56872
Using cacheserver namespaces - metadata:defaultmetadata, artifacts:defaultartifacts
Using cacheserver namespaces - metadata:defaultmetadata, artifacts:defaultartifacts
ImportWorker Server TCP listen port: 0
Begin MonoManager ReloadAssembly
Registering precompiled unity dll's ...
Register platform support module: D:/Unity/HubEditor/2022.3.4f1/Editor/Data/PlaybackEngines/WindowsStandaloneSupport/UnityEditor.WindowsStandalone.Extensions.dll
Registered in 0.011138 seconds.
- Loaded All Assemblies, in  0.247 seconds
Native extension for WindowsStandalone target not found
Mono: successfully reloaded assembly
- Finished resetting the current domain, in  0.198 seconds
Domain Reload Profiling: 440ms
	BeginReloadAssembly (70ms)
		ExecutionOrderSort (0ms)
		DisableScriptedObjects (0ms)
		BackupInstance (0ms)
		ReleaseScriptingObjects (0ms)
		CreateAndSetChildDomain (0ms)
	RebuildCommonClasses (21ms)
	RebuildNativeTypeToScriptingClass (6ms)
	initialDomainReloadingComplete (54ms)
	LoadAllAssembliesAndSetupDomain (91ms)
		LoadAssemblies (65ms)
		RebuildTransferFunctionScriptingTraits (0ms)
		AnalyzeDomain (79ms)
			TypeCache.Refresh (78ms)
				TypeCache.ScanAssembly (70ms)
			ScanForSourceGeneratedMonoScriptInfo (0ms)
			ResolveRequiredComponents (0ms)
	FinalizeReload (198ms)
		ReleaseScriptCaches (0ms)
		RebuildScriptCaches (0ms)
		SetupLoadedEditorAssemblies (154ms)
			LogAssemblyErrors (0ms)
			InitializePlatformSupportModulesInManaged (9ms)
			SetLoadedEditorAssemblies (6ms)
			RefreshPlugins (0ms)
			BeforeProcessingInitializeOnLoad (2ms)
			ProcessInitializeOnLoadAttributes (101ms)
			ProcessInitializeOnLoadMethodAttributes (38ms)
			AfterProcessingInitializeOnLoad (0ms)
			EditorAssembliesLoaded (0ms)
		ExecutionOrderSort2 (0ms)
		AwakeInstancesAfterBackupRestoration (0ms)
[Licensing::Client] Successfully resolved entitlements
[Licensing::Client] Successfully resolved entitlements
Application.AssetDatabase Initial Refresh Start
Assembly reference Assets/NTSD/TopDownEngine/Common/ScriptsCinemachine/Editor/MoreMountains.TopDownEngine.Cinemachine.Editor.asmref has no target assembly definition
Assembly reference Assets/NTSD/TopDownEngine/Common/ScriptsPostProcessing/MoreMountains.TopDownEngine.PostProcessing.asmref has no target assembly definition
Assembly reference Assets/NTSD/TopDownEngine/Common/ScriptsCinemachine/MoreMountains.TopDownEngine.Cinemachine.asmref has no target assembly definition
Assembly reference Assets/NTSD/TopDownEngine/Common/ScriptsCinemachine/Editor/MoreMountains.TopDownEngine.Cinemachine.Editor.asmref has no target assembly definition
Assembly reference Assets/NTSD/TopDownEngine/Common/ScriptsPostProcessing/MoreMountains.TopDownEngine.PostProcessing.asmref has no target assembly definition
Assembly reference Assets/NTSD/TopDownEngine/Common/ScriptsCinemachine/MoreMountains.TopDownEngine.Cinemachine.asmref has no target assembly definition
info: Microsoft.Hosting.Lifetime[14]
      Now listening on: http://localhost:80
info: Microsoft.Hosting.Lifetime[0]
      Application started. Press Ctrl+C to shut down.
info: Microsoft.Hosting.Lifetime[0]
      Hosting environment: Production
info: Microsoft.Hosting.Lifetime[0]
      Content root path: I:\GitHub\Unity_GAS\gameplay-ability-system-for-unity\
info: Microsoft.AspNetCore.Hosting.Diagnostics[1]
      Request starting HTTP/2 POST http://ilpp/UnityILPP.PostProcessing/Ping application/grpc -
info: Microsoft.AspNetCore.Routing.EndpointMiddleware[0]
      Executing endpoint 'gRPC - /UnityILPP.PostProcessing/Ping'
info: Microsoft.AspNetCore.Routing.EndpointMiddleware[1]
      Executed endpoint 'gRPC - /UnityILPP.PostProcessing/Ping'
info: Microsoft.AspNetCore.Hosting.Diagnostics[2]
      Request finished HTTP/2 POST http://ilpp/UnityILPP.PostProcessing/Ping application/grpc - - 200 - application/grpc 26.6400ms
Starting: D:\Unity\HubEditor\2022.3.4f1\Editor\Data\bee_backend.exe --dont-print-to-structured-log --ipc --defer-dag-verification --dagfile="Library/Bee/1900b0aEDbg.dag" --continue-on-failure --profile="Library/Bee/backend1.traceevents" ScriptAssemblies
WorkingDir: I:/GitHub/Unity_GAS/gameplay-ability-system-for-unity
DisplayProgressbar: Compiling Scripts
info: Microsoft.AspNetCore.Hosting.Diagnostics[1]
      Request starting HTTP/2 POST http://ilpp/UnityILPP.PostProcessing/ConfigurePostProcessors application/grpc -
info: Microsoft.AspNetCore.Routing.EndpointMiddleware[0]
      Executing endpoint 'gRPC - /UnityILPP.PostProcessing/ConfigurePostProcessors'
warn: Unity.ILPP.Runner.PostProcessingAssemblyLoadContext[0]
      Assembly system.runtime.interopservices.windowsruntime has duplicate hint path. Ignoring "D:\Unity\HubEditor\2022.3.4f1\Editor\Data\UnityReferenceAssemblies\unity-4.8-api\Facades\System.Runtime.InteropServices.WindowsRuntime.dll" in favor of "D:\Unity\HubEditor\2022.3.4f1\Editor\Data\NetStandard\Extensions\2.0.0\System.Runtime.InteropServices.WindowsRuntime.dll"
warn: Unity.ILPP.Runner.PostProcessingAssemblyLoadContext[0]
      Assembly system.componentmodel.composition has duplicate hint path. Ignoring "D:\Unity\HubEditor\2022.3.4f1\Editor\Data\UnityReferenceAssemblies\unity-4.8-api\System.ComponentModel.Composition.dll" in favor of "D:\Unity\HubEditor\2022.3.4f1\Editor\Data\NetStandard\compat\2.1.0\shims\netfx\System.ComponentModel.Composition.dll"
info: Unity.ILPP.Runner.PostProcessingAssemblyLoadContext[0]
      Resolved Unity.Burst.Cecil, Version=0.11.4.0, Culture=neutral, PublicKeyToken=50cebf1cceb9d05e with Library\PackageCache\com.unity.burst@1.8.7\Unity.Burst.CodeGen\Unity.Burst.Cecil.dll
info: Microsoft.AspNetCore.Routing.EndpointMiddleware[1]
      Executed endpoint 'gRPC - /UnityILPP.PostProcessing/ConfigurePostProcessors'
info: Microsoft.AspNetCore.Hosting.Diagnostics[2]
      Request finished HTTP/2 POST http://ilpp/UnityILPP.PostProcessing/ConfigurePostProcessors application/grpc - - 200 - application/grpc 28.1001ms
ExitCode: 0 Duration: 0s318ms
[ 879/1165  0s] ILPP-Configuration Library/ilpp-configuration.nevergeneratedoutput
*** Tundra build success (0.28 seconds), 1 items updated, 1165 evaluated
AssetDatabase: script compilation time: 0.775092s
Assembly reference Assets/NTSD/TopDownEngine/Common/ScriptsCinemachine/Editor/MoreMountains.TopDownEngine.Cinemachine.Editor.asmref has no target assembly definition
Assembly reference Assets/NTSD/TopDownEngine/Common/ScriptsPostProcessing/MoreMountains.TopDownEngine.PostProcessing.asmref has no target assembly definition
Assembly reference Assets/NTSD/TopDownEngine/Common/ScriptsCinemachine/MoreMountains.TopDownEngine.Cinemachine.asmref has no target assembly definition
Begin MonoManager ReloadAssembly
Total cache size 267506501
Total cache size after purge 267506501
Symbol file data-00000235AC696020 doesn't match image I:\GitHub\Unity_GAS\gameplay-ability-system-for-unity\Assets\Plugins\Sirenix\Assemblies\Sirenix.Reflection.Editor.dll
Symbol file LoadedFromMemory is not a mono symbol file
Symbol file data-00000235BA16EFA0 doesn't match image I:\GitHub\Unity_GAS\gameplay-ability-system-for-unity\Assets\Plugins\Sirenix\Assemblies\Sirenix.Serialization.dll
Symbol file LoadedFromMemory is not a mono symbol file
Symbol file data-00000235BA191E90 doesn't match image I:\GitHub\Unity_GAS\gameplay-ability-system-for-unity\Assets\Plugins\Sirenix\Assemblies\Sirenix.Serialization.Config.dll
Symbol file LoadedFromMemory is not a mono symbol file
Symbol file data-00000235BA19E9E0 doesn't match image I:\GitHub\Unity_GAS\gameplay-ability-system-for-unity\Assets\Plugins\Sirenix\Assemblies\Sirenix.OdinInspector.Editor.dll
Symbol file LoadedFromMemory is not a mono symbol file
Symbol file data-00000235BA37C040 doesn't match image I:\GitHub\Unity_GAS\gameplay-ability-system-for-unity\Assets\Plugins\Sirenix\Assemblies\Sirenix.OdinInspector.Attributes.dll
Symbol file LoadedFromMemory is not a mono symbol file
Symbol file data-00000235BA3A4850 doesn't match image I:\GitHub\Unity_GAS\gameplay-ability-system-for-unity\Assets\Plugins\Sirenix\Assemblies\Sirenix.Utilities.dll
Symbol file LoadedFromMemory is not a mono symbol file
Symbol file data-00000235BA3EF4A0 doesn't match image I:\GitHub\Unity_GAS\gameplay-ability-system-for-unity\Assets\Plugins\Sirenix\Assemblies\Sirenix.Utilities.Editor.dll
Symbol file LoadedFromMemory is not a mono symbol file
- Loaded All Assemblies, in  0.797 seconds
Refreshing native plugins compatible for Editor in 13.14 ms, found 4 plugins.
Preloading 0 native plugins for Editor in 0.00 ms.
Refreshing native plugins compatible for Editor in 12.29 ms, found 4 plugins.
Native extension for WindowsStandalone target not found
Assembly reference Assets/NTSD/TopDownEngine/Common/ScriptsCinemachine/Editor/MoreMountains.TopDownEngine.Cinemachine.Editor.asmref has no target assembly definition
Assembly reference Assets/NTSD/TopDownEngine/Common/ScriptsPostProcessing/MoreMountains.TopDownEngine.PostProcessing.asmref has no target assembly definition
Assembly reference Assets/NTSD/TopDownEngine/Common/ScriptsCinemachine/MoreMountains.TopDownEngine.Cinemachine.asmref has no target assembly definition
Launched and connected shader compiler UnityShaderCompiler.exe after 0.04 seconds
Mono: successfully reloaded assembly
- Finished resetting the current domain, in  5.587 seconds
Domain Reload Profiling: 6373ms
	BeginReloadAssembly (105ms)
		ExecutionOrderSort (0ms)
		DisableScriptedObjects (3ms)
		BackupInstance (0ms)
		ReleaseScriptingObjects (0ms)
		CreateAndSetChildDomain (18ms)
	RebuildCommonClasses (20ms)
	RebuildNativeTypeToScriptingClass (6ms)
	initialDomainReloadingComplete (36ms)
	LoadAllAssembliesAndSetupDomain (619ms)
		LoadAssemblies (353ms)
		RebuildTransferFunctionScriptingTraits (0ms)
		AnalyzeDomain (299ms)
			TypeCache.Refresh (263ms)
				TypeCache.ScanAssembly (254ms)
			ScanForSourceGeneratedMonoScriptInfo (25ms)
			ResolveRequiredComponents (12ms)
	FinalizeReload (5587ms)
		ReleaseScriptCaches (0ms)
		RebuildScriptCaches (0ms)
		SetupLoadedEditorAssemblies (4408ms)
			LogAssemblyErrors (0ms)
			InitializePlatformSupportModulesInManaged (5ms)
			SetLoadedEditorAssemblies (4ms)
			RefreshPlugins (0ms)
			BeforeProcessingInitializeOnLoad (123ms)
			ProcessInitializeOnLoadAttributes (3976ms)
			ProcessInitializeOnLoadMethodAttributes (286ms)
			AfterProcessingInitializeOnLoad (13ms)
			EditorAssembliesLoaded (0ms)
		ExecutionOrderSort2 (0ms)
		AwakeInstancesAfterBackupRestoration (8ms)
Asset Pipeline Refresh (id=52b99260a6c88204e9d85e69680c28b7): Total: 10.098 seconds - Initiated by InitialRefreshV2(ForceSynchronousImport)
	Summary:
		Imports: total=44 (actual=0, local cache=44, cache server=0)
		Asset DB Process Time: managed=0 ms, native=2618 ms
		Asset DB Callback time: managed=20 ms, native=1 ms
		Scripting: domain reloads=1, domain reload time=6569 ms, compile time=775 ms, other=112 ms
		Project Asset Count: scripts=10874, non-scripts=4210
		Asset File Changes: new=0, changed=0, moved=0, deleted=0
		Scan Filter Count: 0
	InvokeBeforeRefreshCallbacks: 1.205ms
	ApplyChangesToAssetFolders: 0.052ms
	Scan: 313.919ms
	OnSourceAssetsModified: 0.001ms
	GetAllGuidsForCategorization: 1.229ms
	CategorizeAssets: 211.889ms
	ImportOutOfDateAssets: 5684.338ms (4846.038ms without children)
		CompileScripts: 775.223ms
		ReloadNativeAssets: 0.026ms
		UnloadImportedAssets: 57.795ms
		EnsureUptoDateAssetsAreRegisteredWithGuidPM: 3.019ms
		InitializingProgressBar: 0.001ms
		PostProcessAllAssetNotificationsAddChangedAssets: 0.000ms
		OnDemandSchedulerStart: 2.237ms
	PostProcessAllAssets: 20.529ms
	GatherAllCurrentPrimaryArtifactRevisions: 0.001ms
	UnloadStreamsBegin: 1.872ms
	PersistCurrentRevisions: 0.434ms
	UnloadStreamsEnd: 0.045ms
	GenerateScriptTypeHashes: 3.873ms
	Untracked: 3862.408ms
Application.AssetDatabase Initial Refresh End
Shader Hidden/ProbeVolume/VoxelizeScene is not supported: GPU does not support conservative rasterization
Shader 'MoreMountains/MMRipple': fallback shader 'Particle/AlphaBlended' not found
Scanning for USB devices : 4.493ms
Initializing Unity extensions:
[Licensing::Client] Successfully resolved entitlements
[MODES] ModeService[none].Initialize
[MODES] ModeService[none].LoadModes
[MODES] Loading mode Default (0) for mode-current-id-NTSD
ProgressiveSceneManager::Cancel()
Unloading 6 Unused Serialized files (Serialized files now loaded: 0)
Unloading 124 unused Assets / (0.5 MB). Loaded Objects now: 9529.
Memory consumption went from 291.9 MB to 291.3 MB.
Total: 14.161000 ms (FindLiveObjects: 0.432600 ms CreateObjectMapping: 0.173400 ms MarkObjects: 13.213000 ms  DeleteObjects: 0.341000 ms)

Batchmode quit successfully invoked - shutting down!
Curl error 42: Callback aborted
Curl error 42: Callback aborted
Start importing ProjectSettings/ProjectSettings.asset using Guid(00000000000000004000000000000000) Importer(-1,00000000000000000000000000000000)  -> (artifact id: '578fa3f2e96387486823d25326b5d396') in 0.006413 seconds
Refreshing native plugins compatible for Editor in 11.28 ms, found 4 plugins.
Preloading 0 native plugins for Editor in 0.00 ms.
Asset Pipeline Refresh (id=63ad6eb528fabb34482665be3d491e0d): Total: 0.078 seconds - Initiated by StopAssetImportingV2(NoUpdateAssetOptions)
[Licensing::IpcConnector] License Notification channel disconnected successfully.
[Licensing::IpcConnector] License Client channel disconnected successfully.
Cleanup mono
abort_threads: Failed aborting id: 0000000000006F28, mono_thread_manage will ignore it

abort_threads: Failed aborting id: 0000000000006F50, mono_thread_manage will ignore it

abort_threads: Failed aborting id: 0000000000006F28, mono_thread_manage will ignore it

abort_threads: Failed aborting id: 0000000000006F50, mono_thread_manage will ignore it

debugger-agent: Unable to listen on 5980
[Performance] WinEditorMain                                                                                                         :        1 samples, Peak.   722 ms (1.0x), Avg.   722 ms, Total. 722.1 ms (4.7%)
[Performance] WinEditorMain.ConfigureCrashHandler                                                                                   :        1 samples, Peak.  19.7 us (1.0x), Avg.  19.7 us, Total. 19.70 us (0.0%)
[Performance] WinEditorMain.CurlRequestInitialize                                                                                   :        1 samples, Peak.  2.31 ms (1.0x), Avg.  2.31 ms, Total. 2.315 ms (0.0%)
[Performance] WinEditorMain.SetupLogFile                                                                                            :        1 samples, Peak.   431 us (1.0x), Avg.   431 us, Total. 431.4 us (0.0%)
[Performance] WinEditorMain.RunNativeTestsIfRequiredAndExit                                                                         :        1 samples, Peak.   100 ns (1.0x), Avg.   100 ns, Total. 100.0 ns (0.0%)
[Performance] WinEditorMain.Licensing                                                                                               :        1 samples, Peak.   682 ms (1.0x), Avg.   682 ms, Total. 682.1 ms (4.4%)
[Performance] WinEditorMain.InitializeCrashHandler                                                                                  :        1 samples, Peak.  34.3 ms (1.0x), Avg.  34.3 ms, Total. 34.31 ms (0.2%)
[Performance] WinEditorMain.CreateApplication                                                                                       :        1 samples, Peak.   302 us (1.0x), Avg.   302 us, Total. 301.7 us (0.0%)
[Performance] Application.InitializeProject                                                                                         :        1 samples, Peak.  12.2 s (1.0x), Avg.  12.2 s, Total. 12.17 s (78.7%)
[Performance] Application.PackageManager.StartServer                                                                                :        1 samples, Peak.  13.4 ms (1.0x), Avg.  13.4 ms, Total. 13.37 ms (0.1%)
[Performance] Application.AcquireProjectLock                                                                                        :        1 samples, Peak.  13.5 ms (1.0x), Avg.  13.5 ms, Total. 13.49 ms (0.1%)
[Performance] Application.InitializeEngineNoGraphics                                                                                :        1 samples, Peak.  42.5 ms (1.0x), Avg.  42.5 ms, Total. 42.50 ms (0.3%)
[Performance] Application.PackageManager.Initialize                                                                                 :        1 samples, Peak.   300 ms (1.0x), Avg.   300 ms, Total. 300.1 ms (1.9%)
[Performance] Connecting to Package Manager                                                                                         :       31 samples, Peak.  50.8 us (19.9x), Avg.  2.55 us, Total. 79.00 us (0.0%)
[Performance] Application.EngineGraphics.Initialize                                                                                 :        1 samples, Peak.   134 ms (1.0x), Avg.   134 ms, Total. 133.7 ms (0.9%)
[Performance] Application.GI.Initialize                                                                                             :        1 samples, Peak.  3.18 ms (1.0x), Avg.  3.18 ms, Total. 3.184 ms (0.0%)
[Performance] Application.LoadAllDefaultResourcesFromEditor                                                                         :        1 samples, Peak.  1.49 ms (1.0x), Avg.  1.49 ms, Total. 1.494 ms (0.0%)
[Performance] Application.LoadMonoAssemblies                                                                                        :        1 samples, Peak.   461 ms (1.0x), Avg.   461 ms, Total. 460.7 ms (3.0%)
[Performance] RestoreManagedReferences                                                                                              :        2 samples, Peak.  42.1 ms (2.0x), Avg.  21.1 ms, Total. 42.13 ms (0.3%)
[Performance] InitializeOnLoad WindowLayout                                                                                         :        2 samples, Peak.   608 us (1.1x), Avg.   572 us, Total. 1.144 ms (0.0%)
[Performance] InitializeOnLoad AssetStoreContext                                                                                    :        2 samples, Peak.  15.7 ms (1.0x), Avg.  15.3 ms, Total. 30.65 ms (0.2%)
[Performance] InitializeOnLoad CloudBuild                                                                                           :        2 samples, Peak.  5.60 us (1.1x), Avg.  5.15 us, Total. 10.30 us (0.0%)
[Performance] InitializeOnLoad SettingsService                                                                                      :        2 samples, Peak.  5.60 us (1.1x), Avg.  5.20 us, Total. 10.40 us (0.0%)
[Performance] InitializeOnLoad CacheServerWindow                                                                                    :        2 samples, Peak.  8.70 us (1.2x), Avg.  7.30 us, Total. 14.60 us (0.0%)
[Performance] InitializeOnLoad MixerEffectDefinitionReloader                                                                        :        2 samples, Peak.  1.84 ms (1.1x), Avg.  1.60 ms, Total. 3.199 ms (0.0%)
[Performance] InitializeOnLoad MenuItems                                                                                            :        2 samples, Peak.   242 us (1.1x), Avg.   223 us, Total. 446.4 us (0.0%)
[Performance] InitializeOnLoad ShortcutIntegration                                                                                  :        2 samples, Peak.  39.0 us (1.0x), Avg.  38.8 us, Total. 77.70 us (0.0%)
[Performance] InitializeOnLoad CheckNavigationPackage                                                                               :        2 samples, Peak.   165 us (1.0x), Avg.   162 us, Total. 323.2 us (0.0%)
[Performance] InitializeOnLoad NativeFormatImporterUtility                                                                          :        2 samples, Peak.  1.56 ms (1.1x), Avg.  1.40 ms, Total. 2.800 ms (0.0%)
[Performance] InitializeOnLoad PlayModeDownload                                                                                     :        2 samples, Peak.  3.32 ms (1.9x), Avg.  1.75 ms, Total. 3.492 ms (0.0%)
[Performance] InitializeOnLoad PrefabInstanceChangedListener                                                                        :        2 samples, Peak.   802 us (1.8x), Avg.   444 us, Total. 888.1 us (0.0%)
[Performance] InitializeOnLoad SearchService                                                                                        :        2 samples, Peak.  67.2 us (1.0x), Avg.  66.7 us, Total. 133.3 us (0.0%)
[Performance] InitializeOnLoad DrivenRectTransformUndo                                                                              :        2 samples, Peak.   136 us (1.0x), Avg.   133 us, Total. 266.2 us (0.0%)
[Performance] InitializeOnLoad UnityConnect                                                                                         :        2 samples, Peak.  31.4 us (1.0x), Avg.  30.7 us, Total. 61.30 us (0.0%)
[Performance] InitializeOnLoad ObjectSelectorSearch                                                                                 :        2 samples, Peak.  22.2 us (1.0x), Avg.  21.3 us, Total. 42.50 us (0.0%)
[Performance] InitializeOnLoad AddComponentWindow                                                                                   :        2 samples, Peak.  52.8 us (1.0x), Avg.  52.2 us, Total. 104.4 us (0.0%)
[Performance] InitializeOnLoad SceneSearch                                                                                          :        2 samples, Peak.  20.7 us (1.1x), Avg.  18.5 us, Total. 37.00 us (0.0%)
[Performance] InitializeOnLoad ManagedDebuggerWindow                                                                                :        2 samples, Peak.   421 us (1.5x), Avg.   286 us, Total. 572.7 us (0.0%)
[Performance] InitializeOnLoad ProjectSearch                                                                                        :        2 samples, Peak.  24.4 us (1.1x), Avg.  22.2 us, Total. 44.40 us (0.0%)
[Performance] InitializeOnLoad UISystemProfilerRenderService                                                                        :        2 samples, Peak.  4.60 us (1.2x), Avg.  3.85 us, Total. 7.700 us (0.0%)
[Performance] InitializeOnLoad EditMode                                                                                             :        2 samples, Peak.   241 us (1.0x), Avg.   231 us, Total. 462.8 us (0.0%)
[Performance] InitializeOnLoad ManagedDebugger                                                                                      :        2 samples, Peak.   700 ns (1.0x), Avg.   700 ns, Total. 1.400 us (0.0%)
[Performance] InitializeOnLoad EditorMonitor                                                                                        :        2 samples, Peak.   258 us (1.0x), Avg.   253 us, Total. 506.6 us (0.0%)
[Performance] InitializeOnLoad RetainedMode                                                                                         :        2 samples, Peak.  1.28 ms (1.0x), Avg.  1.23 ms, Total. 2.470 ms (0.0%)
[Performance] InitializeOnLoad EditorShaderLoader                                                                                   :        2 samples, Peak.   370 us (1.0x), Avg.   366 us, Total. 731.5 us (0.0%)
[Performance] InitializeOnLoad EditorDelegateRegistration                                                                           :        2 samples, Peak.   237 us (1.0x), Avg.   235 us, Total. 470.9 us (0.0%)
[Performance] InitializeOnLoad LiveReloadTrackerCreator                                                                             :        2 samples, Peak.  76.2 us (1.0x), Avg.  76.1 us, Total. 152.2 us (0.0%)
[Performance] InitializeOnLoad UxmlObjectEditorFactories                                                                            :        2 samples, Peak.   261 us (1.0x), Avg.   254 us, Total. 508.6 us (0.0%)
[Performance] InitializeOnLoad UIDocumentHierarchyWatcher                                                                           :        2 samples, Peak.  48.3 us (1.0x), Avg.  48.0 us, Total. 95.90 us (0.0%)
[Performance] InitializeOnLoad UXMLEditorFactories                                                                                  :        2 samples, Peak.  39.4 ms (1.0x), Avg.  37.8 ms, Total. 75.57 ms (0.5%)
[Performance] InitializeOnLoad CloudBuildPoller                                                                                     :        2 samples, Peak.   191 us (1.0x), Avg.   188 us, Total. 376.1 us (0.0%)
[Performance] InitializeOnLoad AnalyticsService                                                                                     :        2 samples, Peak.  5.26 ms (1.0x), Avg.  5.09 ms, Total. 10.18 ms (0.1%)
[Performance] InitializeOnLoad UDPService                                                                                           :        2 samples, Peak.  3.41 ms (1.1x), Avg.  3.09 ms, Total. 6.170 ms (0.0%)
[Performance] InitializeOnLoad EditorGameServicesAnalytics                                                                          :        2 samples, Peak.  1.26 ms (1.6x), Avg.   801 us, Total. 1.603 ms (0.0%)
[Performance] InitializeOnLoad PurchasingService                                                                                    :        2 samples, Peak.  7.33 ms (1.1x), Avg.  6.78 ms, Total. 13.56 ms (0.1%)
[Performance] InitializeOnLoad ServicesRepository                                                                                   :        2 samples, Peak.  1.90 us (1.2x), Avg.  1.55 us, Total. 3.100 us (0.0%)
[Performance] InitializeOnLoad AdsService                                                                                           :        2 samples, Peak.  3.53 ms (1.1x), Avg.  3.34 ms, Total. 6.672 ms (0.0%)
[Performance] InitializeOnLoad BuildService                                                                                         :        2 samples, Peak.  3.46 ms (1.1x), Avg.  3.15 ms, Total. 6.302 ms (0.0%)
[Performance] InitializeOnLoad CrashService                                                                                         :        2 samples, Peak.  3.24 ms (1.0x), Avg.  3.12 ms, Total. 6.244 ms (0.0%)
[Performance] InitializeOnLoad SearchWindow                                                                                         :        2 samples, Peak.   166 us (1.0x), Avg.   161 us, Total. 321.3 us (0.0%)
[Performance] InitializeOnLoad CustomIndexers                                                                                       :        2 samples, Peak.   196 us (1.1x), Avg.   183 us, Total. 366.5 us (0.0%)
[Performance] InitializeOnLoad SearchMonitor                                                                                        :        2 samples, Peak.  1.70 ms (1.1x), Avg.  1.58 ms, Total. 3.169 ms (0.0%)
[Performance] InitializeOnLoad ParameterControllerEditor                                                                            :        2 samples, Peak.  13.3 us (1.2x), Avg.  11.2 us, Total. 22.30 us (0.0%)
[Performance] InitializeOnLoad LayerSettingsWindow                                                                                  :        2 samples, Peak.  2.60 us (1.1x), Avg.  2.35 us, Total. 4.700 us (0.0%)
[Performance] InitializeOnLoad PackageManagerHookGUIDConverter.RegisterPackagesEventHandler                                         :        2 samples, Peak.   552 us (1.7x), Avg.   321 us, Total. 642.0 us (0.0%)
[Performance] InitializeOnLoad EditorDragAndDrop.RegisterEditorClient                                                               :        2 samples, Peak.   157 us (1.1x), Avg.   144 us, Total. 288.0 us (0.0%)
[Performance] InitializeOnLoad EditorEventCallbacks.InitializeFontAssetResourceChangeCallBacks                                      :        2 samples, Peak.   654 us (1.0x), Avg.   648 us, Total. 1.296 ms (0.0%)
[Performance] InitializeOnLoad SceneTemplateService.Init                                                                            :        2 samples, Peak.   750 us (1.1x), Avg.   681 us, Total. 1.362 ms (0.0%)
[Performance] InitializeOnLoad DiagnosticSwitchesConsoleMessage.Init                                                                :        2 samples, Peak.  8.19 ms (1.9x), Avg.  4.26 ms, Total. 8.522 ms (0.1%)
[Performance] InitializeOnLoad ToolShortcutContext.Init                                                                             :        2 samples, Peak.   125 us (1.0x), Avg.   120 us, Total. 240.0 us (0.0%)
[Performance] InitializeOnLoad EditorWindow.Initialize                                                                              :        2 samples, Peak.   108 us (1.0x), Avg.   104 us, Total. 207.7 us (0.0%)
[Performance] InitializeOnLoad AssetPostprocessingInternal.RefreshCustomDependencies                                                :        2 samples, Peak.  2.43 ms (1.2x), Avg.  2.06 ms, Total. 4.121 ms (0.0%)
[Performance] InitializeOnLoad MemoryProfilerCompilationGuard.InjectCompileGuard                                                    :        2 samples, Peak.   117 us (1.3x), Avg.  87.6 us, Total. 175.1 us (0.0%)
[Performance] InitializeOnLoad SceneVisibilityManager.Initialize                                                                    :        2 samples, Peak.  3.69 ms (1.8x), Avg.  2.09 ms, Total. 4.187 ms (0.0%)
[Performance] InitializeOnLoad PackageManagerWindow.EditorInitializedInSafeMode                                                     :        2 samples, Peak.  19.8 ms (2.0x), Avg.  9.92 ms, Total. 19.84 ms (0.1%)
[Performance] InitializeOnLoad SysrootManager.Initialize                                                                            :        2 samples, Peak.   401 us (1.2x), Avg.   327 us, Total. 654.7 us (0.0%)
[Performance] InitializeOnLoad ScopedRegistryAddedPopup.SubscribeToRegistriesAdded                                                  :        2 samples, Peak.  4.47 ms (2.0x), Avg.  2.29 ms, Total. 4.579 ms (0.0%)
[Performance] AssemblyReloadEvents.afterAssemblyReload: UnityEditor.SceneTemplate.SceneTemplateService.AfterAssemblyReload          :        2 samples, Peak.  2.14 ms (1.8x), Avg.  1.18 ms, Total. 2.350 ms (0.0%)
[Performance] ProcessService.EditorAfterLoadAllAssemblies                                                                           :        2 samples, Peak.   253 us (1.2x), Avg.   217 us, Total. 434.4 us (0.0%)
[Performance] Application.ReadLicenseInfo                                                                                           :        1 samples, Peak.  70.7 ms (1.0x), Avg.  70.7 ms, Total. 70.73 ms (0.5%)
[Performance] Application.InitialRefresh                                                                                            :        1 samples, Peak.  10.1 s (1.0x), Avg.  10.1 s, Total. 10.10 s (65.3%)
[Performance] Compiling Scripts                                                                                                     :        1 samples, Peak.   775 ms (1.0x), Avg.   775 ms, Total. 775.2 ms (5.0%)
[Performance] AssemblyReloadEvents.beforeAssemblyReload: UnityEditor.SceneTemplate.SceneTemplateService.BeforeAssemblyReload        :        1 samples, Peak.   355 us (1.0x), Avg.   355 us, Total. 355.5 us (0.0%)
[Performance] InitializeOnLoad InputSystem                                                                                          :        1 samples, Peak.  39.1 ms (1.0x), Avg.  39.1 ms, Total. 39.08 ms (0.3%)
[Performance] InitializeOnLoad TouchSimulation                                                                                      :        1 samples, Peak.   133 us (1.0x), Avg.   133 us, Total. 133.1 us (0.0%)
[Performance] InitializeOnLoad UnityVersion                                                                                         :        2 samples, Peak.   671 us (1.5x), Avg.   434 us, Total. 867.0 us (0.0%)
[Performance] InitializeOnLoad PrefabSelectionTracker                                                                               :        1 samples, Peak.   805 us (1.0x), Avg.   805 us, Total. 804.7 us (0.0%)
[Performance] InitializeOnLoad FormatterLocator                                                                                     :        1 samples, Peak.  7.88 ms (1.0x), Avg.  7.88 ms, Total. 7.885 ms (0.1%)
[Performance] InitializeOnLoad FormatterUtilities                                                                                   :        1 samples, Peak.   446 us (1.0x), Avg.   446 us, Total. 446.5 us (0.0%)
[Performance] InitializeOnLoad UnityEditorEventUtility                                                                              :        1 samples, Peak.  3.15 ms (1.0x), Avg.  3.15 ms, Total. 3.154 ms (0.0%)
[Performance] InitializeOnLoad SirenixEditorGUI                                                                                     :        1 samples, Peak.  3.98 ms (1.0x), Avg.  3.98 ms, Total. 3.978 ms (0.0%)
[Performance] InitializeOnLoad GUIHelper                                                                                            :        1 samples, Peak.  19.3 ms (1.0x), Avg.  19.3 ms, Total. 19.34 ms (0.1%)
[Performance] InitializeOnLoad SirenixGUIStyles                                                                                     :        1 samples, Peak.  1.50 us (1.0x), Avg.  1.50 us, Total. 1.500 us (0.0%)
[Performance] InitializeOnLoad AssemblyUtilities                                                                                    :        1 samples, Peak.   300 ns (1.0x), Avg.   300 ns, Total. 300.0 ns (0.0%)
[Performance] InitializeOnLoad ASTEmitter                                                                                           :        1 samples, Peak.  1.62 ms (1.0x), Avg.  1.62 ms, Total. 1.624 ms (0.0%)
[Performance] InitializeOnLoad OdinModuleConfig                                                                                     :        1 samples, Peak.   833 us (1.0x), Avg.   833 us, Total. 832.6 us (0.0%)
[Performance] InitializeOnLoad ColorPaletteManager                                                                                  :        1 samples, Peak.  13.2 us (1.0x), Avg.  13.2 us, Total. 13.20 us (0.0%)
[Performance] InitializeOnLoad GeneralDrawerConfig                                                                                  :        1 samples, Peak.  1.97 ms (1.0x), Avg.  1.97 ms, Total. 1.968 ms (0.0%)
[Performance] InitializeOnLoad FixUnityAboutWindowBeforeEmit                                                                        :        1 samples, Peak.   117 us (1.0x), Avg.   117 us, Total. 117.1 us (0.0%)
[Performance] InitializeOnLoad FixUnityAssemblyVersionResolution                                                                    :        1 samples, Peak.   143 us (1.0x), Avg.   143 us, Total. 143.3 us (0.0%)
[Performance] InitializeOnLoad OdinEditor                                                                                           :        1 samples, Peak.   116 us (1.0x), Avg.   116 us, Total. 115.9 us (0.0%)
[Performance] InitializeOnLoad FixUnityScriptableObjectDirtying                                                                     :        1 samples, Peak.   192 us (1.0x), Avg.   192 us, Total. 191.5 us (0.0%)
[Performance] InitializeOnLoad PersistentContextCache                                                                               :        1 samples, Peak.   161 us (1.0x), Avg.   161 us, Total. 161.4 us (0.0%)
[Performance] InitializeOnLoad UndoTracker                                                                                          :        1 samples, Peak.   121 us (1.0x), Avg.   121 us, Total. 121.4 us (0.0%)
[Performance] InitializeOnLoad GASSettingStatusWatcher                                                                              :        1 samples, Peak.   127 us (1.0x), Avg.   127 us, Total. 126.7 us (0.0%)
[Performance] InitializeOnLoad MMPathMovementEditor                                                                                 :        1 samples, Peak.  15.6 us (1.0x), Avg.  15.6 us, Total. 15.60 us (0.0%)
[Performance] InitializeOnLoad SceneViewIconEditor                                                                                  :        1 samples, Peak.  3.20 us (1.0x), Avg.  3.20 us, Total. 3.200 us (0.0%)
[Performance] InitializeOnLoad MMPathEditor                                                                                         :        1 samples, Peak.  3.10 us (1.0x), Avg.  3.10 us, Total. 3.100 us (0.0%)
[Performance] InitializeOnLoad GizmoManager                                                                                         :        1 samples, Peak.   633 us (1.0x), Avg.   633 us, Total. 633.3 us (0.0%)
[Performance] InitializeOnLoad HierarchyIcon                                                                                        :        1 samples, Peak.   540 us (1.0x), Avg.   540 us, Total. 540.3 us (0.0%)
[Performance] InitializeOnLoad TeleporterEditor                                                                                     :        1 samples, Peak.  10.6 us (1.0x), Avg.  10.6 us, Total. 10.60 us (0.0%)
[Performance] InitializeOnLoad RoomEditor                                                                                           :        1 samples, Peak.  2.90 us (1.0x), Avg.  2.90 us, Total. 2.900 us (0.0%)
[Performance] InitializeOnLoad TopDownEngineDefineSymbols                                                                           :        1 samples, Peak.  1.90 ms (1.0x), Avg.  1.90 ms, Total. 1.897 ms (0.0%)
[Performance] InitializeOnLoad BurstLoader                                                                                          :        1 samples, Peak.  3.27 s (1.0x), Avg.  3.27 s, Total. 3.274 s (21.2%)
[Performance] InitializeOnLoad MMInterfaceDefineSymbols                                                                             :        1 samples, Peak.   311 us (1.0x), Avg.   311 us, Total. 311.4 us (0.0%)
[Performance] InitializeOnLoad EditorToolManager                                                                                    :        2 samples, Peak.  1.74 ms (1.7x), Avg.  1.00 ms, Total. 2.005 ms (0.0%)
[Performance] InitializeOnLoad ShadowCasterGroup2DManager                                                                           :        1 samples, Peak.  56.0 us (1.0x), Avg.  56.0 us, Total. 56.00 us (0.0%)
[Performance] InitializeOnLoad RealtimeProbeSubdivisionDebug                                                                        :        1 samples, Peak.  1.08 ms (1.0x), Avg.  1.08 ms, Total. 1.083 ms (0.0%)
[Performance] InitializeOnLoad ProbeGIBaking                                                                                        :        1 samples, Peak.  1.60 ms (1.0x), Avg.  1.60 ms, Total. 1.603 ms (0.0%)
[Performance] InitializeOnLoad FilterWindow                                                                                         :        1 samples, Peak.  30.0 us (1.0x), Avg.  30.0 us, Total. 30.00 us (0.0%)
[Performance] InitializeOnLoad NodeClassCache                                                                                       :        1 samples, Peak.  3.70 us (1.0x), Avg.  3.70 us, Total. 3.700 us (0.0%)
[Performance] InitializeOnLoad ShaderGraphMaterialsUpdater                                                                          :        2 samples, Peak.   260 us (1.6x), Avg.   167 us, Total. 334.2 us (0.0%)
[Performance] InitializeOnLoad Renderer2DAnalytics                                                                                  :        1 samples, Peak.  94.4 us (1.0x), Avg.  94.4 us, Total. 94.40 us (0.0%)
[Performance] InitializeOnLoad RendererDataPatcher                                                                                  :        1 samples, Peak.  90.3 ms (1.0x), Avg.  90.3 ms, Total. 90.26 ms (0.6%)
[Performance] InitializeOnLoad BackgroundWatcher                                                                                    :        1 samples, Peak.   115 us (1.0x), Avg.   115 us, Total. 115.4 us (0.0%)
[Performance] InitializeOnLoad UnityTestProtocolStarter                                                                             :        1 samples, Peak.   149 us (1.0x), Avg.   149 us, Total. 148.6 us (0.0%)
[Performance] InitializeOnLoad TestStarter                                                                                          :        1 samples, Peak.   461 us (1.0x), Avg.   461 us, Total. 460.7 us (0.0%)
[Performance] InitializeOnLoad RerunCallbackInitializer                                                                             :        1 samples, Peak.  3.57 ms (1.0x), Avg.  3.57 ms, Total. 3.574 ms (0.0%)
[Performance] InitializeOnLoad RiderScriptEditor                                                                                    :        1 samples, Peak.  5.83 ms (1.0x), Avg.  5.83 ms, Total. 5.827 ms (0.0%)
[Performance] InitializeOnLoad CallbackInitializer                                                                                  :        1 samples, Peak.  1.42 ms (1.0x), Avg.  1.42 ms, Total. 1.420 ms (0.0%)
[Performance] InitializeOnLoad SpriteEditorWindow                                                                                   :        1 samples, Peak.   333 us (1.0x), Avg.   333 us, Total. 333.2 us (0.0%)
[Performance] InitializeOnLoad CoverageReporterStarter                                                                              :        1 samples, Peak.  3.48 ms (1.0x), Avg.  3.48 ms, Total. 3.477 ms (0.0%)
[Performance] InitializeOnLoad BackgroundImport                                                                                     :        1 samples, Peak.   420 us (1.0x), Avg.   420 us, Total. 420.5 us (0.0%)
[Performance] InitializeOnLoad VSCodeScriptEditor                                                                                   :        1 samples, Peak.  3.47 ms (1.0x), Avg.  3.47 ms, Total. 3.465 ms (0.0%)
[Performance] InitializeOnLoad PrefabLayoutRebuilder                                                                                :        1 samples, Peak.   183 us (1.0x), Avg.   183 us, Total. 183.3 us (0.0%)
[Performance] InitializeOnLoad InventoryEngineDefineSymbols                                                                         :        1 samples, Peak.   217 us (1.0x), Avg.   217 us, Total. 217.1 us (0.0%)
[Performance] InitializeOnLoad PlasticPlugin                                                                                        :        1 samples, Peak.  47.1 ms (1.0x), Avg.  47.1 ms, Total. 47.12 ms (0.3%)
[Performance] InitializeOnLoad VSUsageUtility                                                                                       :        1 samples, Peak.  63.1 ms (1.0x), Avg.  63.1 ms, Total. 63.10 ms (0.4%)
[Performance] InitializeOnLoad ToolbarBootstrap                                                                                     :        1 samples, Peak.   274 ms (1.0x), Avg.   274 ms, Total. 274.3 ms (1.8%)
[Performance] Package.AsyncRequest                                                                                                  :        5 samples, Peak.  2.17 ms (3.3x), Avg.   653 us, Total. 3.266 ms (0.0%)
[Performance] InitializeOnLoad VisualStudioEditor                                                                                   :        1 samples, Peak.  6.10 ms (1.0x), Avg.  6.10 ms, Total. 6.096 ms (0.0%)
[Performance] InitializeOnLoad VisualStudioIntegration                                                                              :        1 samples, Peak.  1.81 ms (1.0x), Avg.  1.81 ms, Total. 1.810 ms (0.0%)
[Performance] InitializeOnLoad TestRunnerApiListener                                                                                :        1 samples, Peak.   766 us (1.0x), Avg.   766 us, Total. 765.9 us (0.0%)
[Performance] InitializeOnLoad SpriteSkinCompositeStartup                                                                           :        1 samples, Peak.  12.0 ms (1.0x), Avg.  12.0 ms, Total. 12.04 ms (0.1%)
[Performance] InitializeOnLoad ProCamera2DHierarchyIcon                                                                             :        1 samples, Peak.  1.54 ms (1.0x), Avg.  1.54 ms, Total. 1.543 ms (0.0%)
[Performance] InitializeOnLoad BoneGizmoInitializer                                                                                 :        1 samples, Peak.  3.52 ms (1.0x), Avg.  3.52 ms, Total. 3.518 ms (0.0%)
[Performance] InitializeOnLoad UnityAnalyticsStorage                                                                                :        1 samples, Peak.   244 us (1.0x), Avg.   244 us, Total. 243.7 us (0.0%)
[Performance] InitializeOnLoad Analytics                                                                                            :        1 samples, Peak.   469 us (1.0x), Avg.   469 us, Total. 469.1 us (0.0%)
[Performance] InitializeOnLoad EditorExecutors                                                                                      :        1 samples, Peak.   200 us (1.0x), Avg.   200 us, Total. 199.9 us (0.0%)
[Performance] InitializeOnLoad SceneDragAndDrop                                                                                     :        1 samples, Peak.   166 us (1.0x), Avg.   166 us, Total. 166.2 us (0.0%)
[Performance] InitializeOnLoad SpriteShapeUpdateCache                                                                               :        1 samples, Peak.   369 us (1.0x), Avg.   369 us, Total. 369.3 us (0.0%)
[Performance] InitializeOnLoad SpriteShapeUnityAnalyticsStorage                                                                     :        1 samples, Peak.  10.1 us (1.0x), Avg.  10.1 us, Total. 10.10 us (0.0%)
[Performance] InitializeOnLoad PersistentAssemblyGuidUpdater.Init                                                                   :        1 samples, Peak.   166 us (1.0x), Avg.   166 us, Total. 165.8 us (0.0%)
[Performance] InitializeOnLoad SdfIcons.FixBug                                                                                      :        1 samples, Peak.   135 ms (1.0x), Avg.   135 ms, Total. 134.7 ms (0.9%)
[Performance] InitializeOnLoad GUITimeHelper.Init                                                                                   :        1 samples, Peak.   402 us (1.0x), Avg.   402 us, Total. 402.0 us (0.0%)
[Performance] InitializeOnLoad EnsureEditorOnlyModeDefine.EnsureScriptingDefineSymbol                                               :        1 samples, Peak.  1.54 ms (1.0x), Avg.  1.54 ms, Total. 1.536 ms (0.0%)
[Performance] InitializeOnLoad ColorPaletteManager.LoadEditorPrefs                                                                  :        1 samples, Peak.   478 us (1.0x), Avg.   478 us, Total. 478.3 us (0.0%)
[Performance] InitializeOnLoad AcceptEULAWindow.OpenIfNotAccepted                                                                   :        1 samples, Peak.  84.1 us (1.0x), Avg.  84.1 us, Total. 84.10 us (0.0%)
[Performance] InitializeOnLoad EnsureOdinInspectorDefine.EnsureScriptingDefineSymbol                                                :        1 samples, Peak.   141 us (1.0x), Avg.   141 us, Total. 140.9 us (0.0%)
[Performance] InitializeOnLoad InspectorConfig.RemoveObsoleteGeneratedOdinEditorsDLL                                                :        1 samples, Peak.   195 us (1.0x), Avg.   195 us, Total. 194.9 us (0.0%)
[Performance] InitializeOnLoad ImguiElementUtils.Init                                                                               :        1 samples, Peak.  4.87 ms (1.0x), Avg.  4.87 ms, Total. 4.866 ms (0.0%)
[Performance] InitializeOnLoad GettingStartedWindow.AutoOpen                                                                        :        1 samples, Peak.   323 us (1.0x), Avg.   323 us, Total. 322.8 us (0.0%)
[Performance] InitializeOnLoad CheckForUpdatesWindow.DailyCheckForUpdates                                                           :        1 samples, Peak.   289 us (1.0x), Avg.   289 us, Total. 289.0 us (0.0%)
[Performance] InitializeOnLoad UnitySerializationInitializer.InitializeEditor                                                       :        1 samples, Peak.  26.5 ms (1.0x), Avg.  26.5 ms, Total. 26.49 ms (0.2%)
[Performance] InitializeOnLoad UnitySerializationUtility.SubscribeToDomainReloadEvents                                              :        1 samples, Peak.  2.06 ms (1.0x), Avg.  2.06 ms, Total. 2.061 ms (0.0%)
[Performance] InitializeOnLoad IKEditorManager.CreateInstance                                                                       :        1 samples, Peak.  1.71 ms (1.0x), Avg.  1.71 ms, Total. 1.709 ms (0.0%)
[Performance] InitializeOnLoad $BurstDirectCallInitializer.Initialize                                                               :        7 samples, Peak.  41.8 ms (4.5x), Avg.  9.25 ms, Total. 64.74 ms (0.4%)
[Performance] InitializeOnLoad TileDragAndDropManager.Initialize                                                                    :        1 samples, Peak.  1.28 ms (1.0x), Avg.  1.28 ms, Total. 1.284 ms (0.0%)
[Performance] InitializeOnLoad SceneViewGridManager.Initialize                                                                      :        1 samples, Peak.  2.83 ms (1.0x), Avg.  2.83 ms, Total. 2.833 ms (0.0%)
[Performance] InitializeOnLoad SceneViewOpenTilePaletteHelper.Initialize                                                            :        1 samples, Peak.  1.31 ms (1.0x), Avg.  1.31 ms, Total. 1.309 ms (0.0%)
[Performance] InitializeOnLoad TilemapPrefabStageHelper.Initialize                                                                  :        1 samples, Peak.  1.12 ms (1.0x), Avg.  1.12 ms, Total. 1.117 ms (0.0%)
[Performance] InitializeOnLoad PlayerLoopHelper.InitOnEditor                                                                        :        1 samples, Peak.  3.07 ms (1.0x), Avg.  3.07 ms, Total. 3.066 ms (0.0%)
[Performance] InitializeOnLoad MaterialReimporter.RegisterUpgraderReimport                                                          :        2 samples, Peak.   184 us (1.6x), Avg.   115 us, Total. 229.4 us (0.0%)
[Performance] InitializeOnLoad MMExecutionOrderAttribute.ModifyExecutionOrder                                                       :        1 samples, Peak.  5.89 ms (1.0x), Avg.  5.89 ms, Total. 5.887 ms (0.0%)
[Performance] InitializeOnLoad TestJobDataHolder.ResumeRunningJobs                                                                  :        1 samples, Peak.  1.32 ms (1.0x), Avg.  1.32 ms, Total. 1.321 ms (0.0%)
[Performance] InitializeOnLoad AnalyticsReporter.RegisterCallbacks                                                                  :        1 samples, Peak.   397 us (1.0x), Avg.   397 us, Total. 397.3 us (0.0%)
[Performance] InitializeOnLoad VolumeGizmoDrawer.InitVolumeGizmoCallbacks                                                           :        1 samples, Peak.   310 us (1.0x), Avg.   310 us, Total. 309.6 us (0.0%)
[Performance] InitializeOnLoad CoreRenderPipelinePreferences.InitPreferenceProviders                                                :        1 samples, Peak.  18.4 ms (1.0x), Avg.  18.4 ms, Total. 18.44 ms (0.1%)
[Performance] InitializeOnLoad EditorToolSet.Startup                                                                                :        1 samples, Peak.   143 us (1.0x), Avg.   143 us, Total. 142.6 us (0.0%)
[Performance] DidReloadScriptsCustomEditorLoader.LoadCustomEditors                                                                  :        1 samples, Peak.  1.67 ms (1.0x), Avg.  1.67 ms, Total. 1.667 ms (0.0%)
[Performance] DidReloadScriptsRenderPipelineDefines.OnScriptsReloaded                                                               :        1 samples, Peak.  1.01 s (1.0x), Avg.  1.01 s, Total. 1.009 s (6.5%)
[Performance] DidReloadScriptsAdvancedDropdownWindow.OnScriptReload                                                                 :        2 samples, Peak.   229 us (1.3x), Avg.   177 us, Total. 353.1 us (0.0%)
[Performance] DidReloadScriptsTestRunnerWindow.CompilationCallback                                                                  :        1 samples, Peak.   428 us (1.0x), Avg.   428 us, Total. 427.9 us (0.0%)
[Performance] DidReloadScriptsTestListCache.ScriptReloaded                                                                          :        1 samples, Peak.  1.74 ms (1.0x), Avg.  1.74 ms, Total. 1.737 ms (0.0%)
[Performance] DidReloadScriptsDebugWindow.OnEditorReload                                                                            :        1 samples, Peak.  3.97 ms (1.0x), Avg.  3.97 ms, Total. 3.969 ms (0.0%)
[Performance] DidReloadScriptsVolumeComponentEditor.OnEditorReload                                                                  :        1 samples, Peak.  13.4 ms (1.0x), Avg.  13.4 ms, Total. 13.37 ms (0.1%)
[Performance] DidReloadScriptsLookDev.OnEditorReload                                                                                :        1 samples, Peak.   185 us (1.0x), Avg.   185 us, Total. 185.1 us (0.0%)
[Performance] AssemblyReloadEvents.afterAssemblyReload: UnityEditor.U2D.Animation.BoneGizmo.OnAfterAssemblyReload                   :        1 samples, Peak.   539 us (1.0x), Avg.   539 us, Total. 538.7 us (0.0%)
[Performance] AssemblyReloadEvents.afterAssemblyReload: Sirenix.Serialization.UnitySerializationUtility.OnAfterAssemblyReload       :        1 samples, Peak.  18.6 us (1.0x), Avg.  18.6 us, Total. 18.60 us (0.0%)
[Performance] SyncVS.PostprocessSyncProject                                                                                         :        2 samples, Peak.  2.43 ms (1.7x), Avg.  1.44 ms, Total. 2.876 ms (0.0%)
[Performance] Application.ImportPackagesAndSetTemplateWhenCreatingProject                                                           :        1 samples, Peak.  11.2 ms (1.0x), Avg.  11.2 ms, Total. 11.21 ms (0.1%)
[Performance] Application.SyncCurrentColorSpace                                                                                     :        1 samples, Peak.  21.1 ms (1.0x), Avg.  21.1 ms, Total. 21.12 ms (0.1%)
[Performance] Application.OnUsbDevicesChanged                                                                                       :        1 samples, Peak.  4.53 ms (1.0x), Avg.  4.53 ms, Total. 4.534 ms (0.0%)
[Performance] Application.AssetInstanceCacheUpdate                                                                                  :        1 samples, Peak.   200 ns (1.0x), Avg.   200 ns, Total. 200.0 ns (0.0%)
[Performance] Application.UnityExtensions.Initialize                                                                                :        1 samples, Peak.  5.80 ms (1.0x), Avg.  5.80 ms, Total. 5.799 ms (0.0%)
[Performance] CodeEditorProjectSync.SyncEditorProject                                                                               :        1 samples, Peak.   306 ms (1.0x), Avg.   306 ms, Total. 305.8 ms (2.0%)
[Performance] Application.ExecuteStartups                                                                                           :        1 samples, Peak.  32.1 ms (1.0x), Avg.  32.1 ms, Total. 32.05 ms (0.2%)
[Performance] Menu.RegisterMenuInterface                                                                                            :       26 samples, Peak.  1.80 us (7.1x), Avg.   254 ns, Total. 6.600 us (0.0%)
[Performance] Gizmo.RebuildRenderers                                                                                                :        1 samples, Peak.  30.6 ms (1.0x), Avg.  30.6 ms, Total. 30.61 ms (0.2%)
[Performance] Gizmo.AddGizmoRenderers                                                                                               :      145 samples, Peak.   951 us (58.0x), Avg.  16.4 us, Total. 2.378 ms (0.0%)
[Performance] Application.editorInitializingProject                                                                                 :        1 samples, Peak.   159 ms (1.0x), Avg.   159 ms, Total. 158.7 ms (1.0%)
[Performance] Application.InitializeMenu                                                                                            :        1 samples, Peak.  88.5 ms (1.0x), Avg.  88.5 ms, Total. 88.46 ms (0.6%)
[Performance] Menu.RebuildAll                                                                                                       :        1 samples, Peak.  88.5 ms (1.0x), Avg.  88.5 ms, Total. 88.46 ms (0.6%)
[Performance] Menu.BuildRegisteredMenuInterfaces                                                                                    :        1 samples, Peak.  85.5 ms (1.0x), Avg.  85.5 ms, Total. 85.53 ms (0.6%)
[Performance] Menu.FilterMenuItem                                                                                                   :     1361 samples, Peak.  39.1 ms (1342.5x), Avg.  29.1 us, Total. 39.60 ms (0.3%)
[Performance] UpdateAllMenus                                                                                                        :        1 samples, Peak.   457 us (1.0x), Avg.   457 us, Total. 457.5 us (0.0%)
[Performance] Menu.RebuildOSMainMenu                                                                                                :        1 samples, Peak.  2.30 ms (1.0x), Avg.  2.30 ms, Total. 2.296 ms (0.0%)
[Performance] Selection.selectionChanged: UnityEditor.PackageManager.UI.Internal.SelectionProxy.OnSelectionChanged                  :        1 samples, Peak.   379 us (1.0x), Avg.   379 us, Total. 378.6 us (0.0%)
[Performance] Selection.selectionChanged: UnityEditorInternal.EditMode.OnSelectionChange                                            :        1 samples, Peak.   152 us (1.0x), Avg.   152 us, Total. 152.3 us (0.0%)
[Performance] Selection.selectionChanged: Sirenix.Serialization.UnitySerializationUtility+PrefabSelectionTracker.OnSelectionChanged :        1 samples, Peak.  7.00 us (1.0x), Avg.  7.00 us, Total. 7.000 us (0.0%)
[Performance] Selection.selectionChanged: UnityEditor.U2D.Animation.BoneGizmo.OnSelectionChanged                                    :        1 samples, Peak.  28.2 us (1.0x), Avg.  28.2 us, Total. 28.20 us (0.0%)
[Performance] Selection.selectionChanged: UnityEditor.Tilemaps.SceneViewGridManager.UpdateCache                                     :        1 samples, Peak.  2.97 ms (1.0x), Avg.  2.97 ms, Total. 2.966 ms (0.0%)
[Performance] Selection.selectionChanged: UnityEditor.Tilemaps.SceneViewOpenTilePaletteHelper.SelectionChanged                      :        1 samples, Peak.  17.4 us (1.0x), Avg.  17.4 us, Total. 17.40 us (0.0%)
[Performance] EditorSceneManager.sceneClosing: UnityEditor.SceneVisibilityManager.EditorSceneManagerOnSceneClosing                  :        1 samples, Peak.   188 us (1.0x), Avg.   188 us, Total. 188.3 us (0.0%)
[Performance] GUIView.RepaintAll.PlayerLoopController                                                                               :        1 samples, Peak.  1.30 us (1.0x), Avg.  1.30 us, Total. 1.300 us (0.0%)
[Performance] EditorSceneManager.newSceneCreated: UnityEditor.SceneTemplate.SceneTemplateService.OnNewSceneCreated                  :        1 samples, Peak.   181 us (1.0x), Avg.   181 us, Total. 181.4 us (0.0%)
[Performance] EditorSceneManager.newSceneCreated: UnityEditor.SceneVisibilityManager.EditorSceneManagerOnNewSceneCreated            :        1 samples, Peak.   135 us (1.0x), Avg.   135 us, Total. 135.3 us (0.0%)
[Performance] EditorSceneManager.newSceneCreated: UnityEditor.SceneManagement.StageNavigationManager.OnNewSceneCreated              :        1 samples, Peak.  42.2 us (1.0x), Avg.  42.2 us, Total. 42.20 us (0.0%)
[Performance] Application.InvokeFinishedLoadingProject                                                                              :        1 samples, Peak.  10.6 ms (1.0x), Avg.  10.6 ms, Total. 10.57 ms (0.1%)
[Performance] ProcessService.OnProjectLoaded                                                                                        :        1 samples, Peak.  46.7 us (1.0x), Avg.  46.7 us, Total. 46.70 us (0.0%)
[Performance] VersionControl.Task.Wait                                                                                              :        1 samples, Peak.  9.60 us (1.0x), Avg.  9.60 us, Total. 9.600 us (0.0%)
[Performance] EditorApplication.quitting: Unity.Burst.Editor.BurstLoader.OnEditorApplicationQuitting                                :        1 samples, Peak.  25.4 us (1.0x), Avg.  25.4 us, Total. 25.40 us (0.0%)
[Performance] EditorApplication.quitting: UnityEditor.SettingsManagement.FileSettingsRepository.Save                                :        1 samples, Peak.  1.15 ms (1.0x), Avg.  1.15 ms, Total. 1.150 ms (0.0%)
[Performance] EditorApplication.quitting: UnityEditor.Tilemaps.SceneViewGridManager.EditorQuitting                                  :        1 samples, Peak.   115 us (1.0x), Avg.   115 us, Total. 115.0 us (0.0%)
[Performance] EditorApplication.quitting: callback in UnityEditor.TextCore.Text.EditorEventCallbacks                                :        1 samples, Peak.  46.2 ms (1.0x), Avg.  46.2 ms, Total. 46.21 ms (0.3%)
[Performance] Application.Shutdown.PauseProfilerSession                                                                             :        1 samples, Peak.  25.2 us (1.0x), Avg.  25.2 us, Total. 25.20 us (0.0%)
[Performance] Application.Shutdown.PauseAssetImportWorkers                                                                          :        1 samples, Peak.   436 us (1.0x), Avg.   436 us, Total. 435.8 us (0.0%)
[Performance] Application.Shutdown.SaveAssets                                                                                       :        1 samples, Peak.  89.9 ms (1.0x), Avg.  89.9 ms, Total. 89.86 ms (0.6%)
[Performance] PaletteAssetModificationProcessor.OnWillSaveAssets                                                                    :        1 samples, Peak.  1.45 ms (1.0x), Avg.  1.45 ms, Total. 1.453 ms (0.0%)
[Performance] StateMacroSavedEvent.OnWillSaveAssets                                                                                 :        1 samples, Peak.   180 us (1.0x), Avg.   180 us, Total. 180.4 us (0.0%)
[Performance] FlowMacroSavedEvent.OnWillSaveAssets                                                                                  :        1 samples, Peak.   109 us (1.0x), Avg.   109 us, Total. 108.8 us (0.0%)
[Performance] AssetModificationProcessor.OnWillSaveAssets                                                                           :        1 samples, Peak.   276 us (1.0x), Avg.   276 us, Total. 275.6 us (0.0%)
[Performance] BuilderAssetModificationProcessor.OnWillSaveAssets                                                                    :        1 samples, Peak.   313 us (1.0x), Avg.   313 us, Total. 312.9 us (0.0%)
[Performance] TerrainModificationProcessor.OnWillSaveAssets                                                                         :        1 samples, Peak.   565 us (1.0x), Avg.   565 us, Total. 564.8 us (0.0%)
[Performance] AssetDatabase.ImportAssets                                                                                            :        3 samples, Peak.  78.3 ms (3.0x), Avg.  26.1 ms, Total. 78.25 ms (0.5%)
[Performance] PSDImporterAssetPostProcessor.OnPreprocessAsset                                                                       :        1 samples, Peak.   142 us (1.0x), Avg.   142 us, Total. 141.7 us (0.0%)
[Performance] PresetManagerPostProcessor.OnPreprocessAsset                                                                          :        1 samples, Peak.   178 us (1.0x), Avg.   178 us, Total. 178.2 us (0.0%)
[Performance] CancelSplashScreenOnAssetChange.OnPreprocessAsset                                                                     :        1 samples, Peak.  83.6 us (1.0x), Avg.  83.6 us, Total. 83.60 us (0.0%)
[Performance] ShaderGraphAssetPostProcessor.OnPreprocessAsset                                                                       :        1 samples, Peak.   121 us (1.0x), Avg.   121 us, Total. 121.4 us (0.0%)
[Performance] SpritePostProcess.OnPreprocessAsset                                                                                   :        1 samples, Peak.  1.19 ms (1.0x), Avg.  1.19 ms, Total. 1.187 ms (0.0%)
[Performance] AfterImport.OnPostprocessAllAssets                                                                                    :        2 samples, Peak.   328 us (1.4x), Avg.   237 us, Total. 474.9 us (0.0%)
[Performance] TMPro_TexturePostProcessor.OnPostprocessAllAssets                                                                     :        2 samples, Peak.   237 us (1.0x), Avg.   236 us, Total. 471.9 us (0.0%)
[Performance] AssetPostprocessor.OnPostprocessAllAssets                                                                             :        2 samples, Peak.   204 us (1.0x), Avg.   203 us, Total. 405.1 us (0.0%)
[Performance] BuilderAssetPostprocessor.OnPostprocessAllAssets                                                                      :        2 samples, Peak.  1.50 ms (1.0x), Avg.  1.49 ms, Total. 2.987 ms (0.0%)
[Performance] ArtifactBrowserPostProcessor.OnPostprocessAllAssets                                                                   :        2 samples, Peak.   240 us (1.0x), Avg.   239 us, Total. 477.1 us (0.0%)
[Performance] AssetEvents.OnPostprocessAllAssets                                                                                    :        4 samples, Peak.   130 us (1.5x), Avg.  84.8 us, Total. 339.0 us (0.0%)
[Performance] AudioMixerPostprocessor.OnPostprocessAllAssets                                                                        :        2 samples, Peak.   193 us (1.0x), Avg.   192 us, Total. 384.7 us (0.0%)
[Performance] StyleCatalogPostProcessor.OnPostprocessAllAssets                                                                      :        2 samples, Peak.  18.6 ms (1.0x), Avg.  18.6 ms, Total. 37.25 ms (0.2%)
[Performance] BuildCatalog                                                                                                          :        1 samples, Peak.  18.0 ms (1.0x), Avg.  18.0 ms, Total. 18.00 ms (0.1%)
[Performance] ModelImporterPostProcessor.OnPostprocessAllAssets                                                                     :        2 samples, Peak.   730 us (1.0x), Avg.   728 us, Total. 1.455 ms (0.0%)
[Performance] MaterialPostprocessor.OnPostprocessAllAssets                                                                          :        4 samples, Peak.   485 us (1.1x), Avg.   459 us, Total. 1.838 ms (0.0%)
[Performance] RetainedModeAssetPostprocessor.OnPostprocessAllAssets                                                                 :        2 samples, Peak.   937 us (1.0x), Avg.   936 us, Total. 1.871 ms (0.0%)
[Performance] AssetChangedListener.OnPostprocessAllAssets                                                                           :        2 samples, Peak.   829 us (1.0x), Avg.   827 us, Total. 1.654 ms (0.0%)
[Performance] PostProcessor.OnPostprocessAllAssets                                                                                  :        2 samples, Peak.   189 us (1.0x), Avg.   187 us, Total. 373.2 us (0.0%)
[Performance] ShaderGraphAssetPostProcessor.OnPostprocessAllAssets                                                                  :        2 samples, Peak.  1.23 ms (1.0x), Avg.  1.23 ms, Total. 2.455 ms (0.0%)
[Performance] SpeedTreePostProcessor.OnPostprocessAllAssets                                                                         :        2 samples, Peak.   165 us (1.0x), Avg.   163 us, Total. 326.1 us (0.0%)
[Performance] TextAssetPostProcessor.OnPostprocessAllAssets                                                                         :        2 samples, Peak.   226 us (1.0x), Avg.   225 us, Total. 449.3 us (0.0%)
[Performance] AssetProcessor.OnPostprocessAllAssets                                                                                 :        6 samples, Peak.   920 us (1.9x), Avg.   496 us, Total. 2.979 ms (0.0%)
[Performance] SpriteLibraryAssetPostprocessor.OnPostprocessAllAssets                                                                :        2 samples, Peak.   260 us (1.0x), Avg.   259 us, Total. 517.2 us (0.0%)
[Performance] PSDImporterAssetPostProcessor.OnPostprocessAllAssets                                                                  :        2 samples, Peak.  72.0 us (1.0x), Avg.  70.9 us, Total. 141.8 us (0.0%)
[Performance] PSDImportPostProcessor.OnPostprocessAllAssets                                                                         :        2 samples, Peak.  91.9 us (1.0x), Avg.  91.0 us, Total. 182.1 us (0.0%)
[Performance] SpriteEditorTexturePostprocessor.OnPostprocessAllAssets                                                               :        2 samples, Peak.   180 us (1.0x), Avg.   179 us, Total. 357.9 us (0.0%)
[Performance] SpriteShapeAssetPostProcessor.OnPostprocessAllAssets                                                                  :        2 samples, Peak.   162 us (1.0x), Avg.   161 us, Total. 322.9 us (0.0%)
[Performance] Application.Shutdown.CleanupRenderPipeline                                                                            :        1 samples, Peak.  3.00 us (1.0x), Avg.  3.00 us, Total. 3.000 us (0.0%)
[Performance] Application.Shutdown.StopPreloadManager                                                                               :        1 samples, Peak.  9.79 ms (1.0x), Avg.  9.79 ms, Total. 9.789 ms (0.1%)
[Performance] Application.Shutdown.DestroyWorld                                                                                     :        1 samples, Peak.   974 us (1.0x), Avg.   974 us, Total. 973.6 us (0.0%)
[Performance] Application.Shutdown.CleanupAfterLoad                                                                                 :        1 samples, Peak.   239 ms (1.0x), Avg.   239 ms, Total. 239.5 ms (1.5%)
[Performance] Application.Shutdown.Progress                                                                                         :        1 samples, Peak.  3.90 us (1.0x), Avg.  3.90 us, Total. 3.900 us (0.0%)
[Performance] Application.Shutdown.GICleanupManagers                                                                                :        1 samples, Peak.   596 us (1.0x), Avg.   596 us, Total. 596.1 us (0.0%)
[Performance] Application.Shutdown.MenuCleanupClass                                                                                 :        1 samples, Peak.   395 us (1.0x), Avg.   395 us, Total. 394.9 us (0.0%)
[Performance] Application.Shutdown.ADBSaveStateBeforeShutdown                                                                       :        1 samples, Peak.  8.20 us (1.0x), Avg.  8.20 us, Total. 8.200 us (0.0%)
[Performance] Application.Shutdown.RemoteShutdown                                                                                   :        1 samples, Peak.   800 ns (1.0x), Avg.   800 ns, Total. 800.0 ns (0.0%)
[Performance] Application.Shutdown.CleanupVCProvider                                                                                :        1 samples, Peak.  10.8 us (1.0x), Avg.  10.8 us, Total. 10.80 us (0.0%)
[Performance] Application.Shutdown.InputShutdown                                                                                    :        1 samples, Peak.   300 ns (1.0x), Avg.   300 ns, Total. 300.0 ns (0.0%)
[Performance] Application.Shutdown.GizmoManagerDestroy                                                                              :        1 samples, Peak.   366 us (1.0x), Avg.   366 us, Total. 366.2 us (0.0%)
[Performance] Application.Shutdown.ProfilerSession                                                                                  :        1 samples, Peak.   212 us (1.0x), Avg.   212 us, Total. 211.9 us (0.0%)
[Performance] Application.Shutdown.ReleaseGfxWindowOnAllGUIViews                                                                    :        1 samples, Peak.   200 ns (1.0x), Avg.   200 ns, Total. 200.0 ns (0.0%)
[Performance] Application.Shutdown.CleanupEngine                                                                                    :        1 samples, Peak.   252 ms (1.0x), Avg.   252 ms, Total. 252.4 ms (1.6%)
[Performance] Application.Shutdown.CleanupAssetDatabase                                                                             :        1 samples, Peak.  11.7 ms (1.0x), Avg.  11.7 ms, Total. 11.72 ms (0.1%)
[Performance] Application.Shutdown.ScriptCompilationCleanUp                                                                         :        1 samples, Peak.  18.0 ms (1.0x), Avg.  18.0 ms, Total. 17.98 ms (0.1%)
[Performance] Application.Shutdown.DestroyJobSystem                                                                                 :        1 samples, Peak.  51.7 us (1.0x), Avg.  51.7 us, Total. 51.70 us (0.0%)
[Performance] Application.Shutdown.CleanupPersistentManager                                                                         :        1 samples, Peak.  5.76 ms (1.0x), Avg.  5.76 ms, Total. 5.762 ms (0.0%)
[Performance] Application.Shutdown.CleanupAsyncReadManager                                                                          :        1 samples, Peak.   631 us (1.0x), Avg.   631 us, Total. 631.0 us (0.0%)
[Performance] Application.Shutdown.CleanupProgressBar                                                                               :        1 samples, Peak.   200 ns (1.0x), Avg.   200 ns, Total. 200.0 ns (0.0%)
[Performance] Application.Shutdown.CleanupMono                                                                                      :        1 samples, Peak.  1.74 s (1.0x), Avg.  1.74 s, Total. 1.739 s (11.2%)
[Performance] Application.Shutdown.CleanupStdConverters                                                                             :        1 samples, Peak.  7.60 us (1.0x), Avg.  7.60 us, Total. 7.600 us (0.0%)
[Performance] Application.Shutdown.UnloadAllPlatformSupportModuleNativeDlls                                                         :        1 samples, Peak.   400 ns (1.0x), Avg.   400 ns, Total. 400.0 ns (0.0%)
[Performance] Application.Shutdown.UnloadAllPlatformSupportNativeLibraries                                                          :        1 samples, Peak. 100.0 ns (1.0x), Avg. 100.0 ns, Total. 100.00 ns (0.0%)
[Performance] Application.Shutdown.CleanupAutoDocumentation                                                                         :        1 samples, Peak.   311 us (1.0x), Avg.   311 us, Total. 310.6 us (0.0%)
[Performance] Application.Shutdown.ShaderNameManagerDestroy                                                                         :        1 samples, Peak.  39.7 us (1.0x), Avg.  39.7 us, Total. 39.70 us (0.0%)
[Performance] Application.Shutdown.CleanupCacheServer                                                                               :        1 samples, Peak. 0.0 (-nan(ind)x), Avg. 0.0, Total. 0.0 (0.0%)
[Performance] Application.Shutdown.Virtualization_Shutdown                                                                          :        1 samples, Peak.   400 ns (1.0x), Avg.   400 ns, Total. 400.0 ns (0.0%)
[Performance] Application.Shutdown.DevConnections                                                                                   :        1 samples, Peak.  79.9 us (1.0x), Avg.  79.9 us, Total. 79.90 us (0.0%)
Exiting batchmode successfully now!
Exiting without the bug reporter. Application will terminate with return code 0